  Practical.cpp
C:\Users\LENOVO\OneDrive\Desktop\final pf project\Oop Lab Practical\Practical.cpp(21,22): error C4430: missing type specifier - int assumed. Note: C++ does not support default-int
C:\Users\LENOVO\OneDrive\Desktop\final pf project\Oop Lab Practical\Practical.cpp(23,5): warning C4183: 'displayDetails': missing return type; assumed to be a member function returning 'int'
  Source.cpp
C:\Users\LENOVO\OneDrive\Desktop\final pf project\Oop Lab Practical\Source.cpp(23,82): error C2665: 'std::basic_string<char,std::char_traits<char>,std::allocator<char>>::basic_string': no overloaded function could convert all the argument types
C:\Program Files\Microsoft Visual Studio\2022\Community\VC\Tools\MSVC\14.35.32215\include\xstring(2673,5): message : could be 'std::basic_string<char,std::char_traits<char>,std::allocator<char>>::basic_string(const _Elem *const )'
          with
          [
              _Elem=char
          ]
C:\Users\LENOVO\OneDrive\Desktop\final pf project\Oop Lab Practical\Source.cpp(23,82): message : 'std::basic_string<char,std::char_traits<char>,std::allocator<char>>::basic_string(const _Elem *const )': cannot convert argument 1 from 'int' to 'const _Elem *const '
          with
          [
              _Elem=char
          ]
C:\Users\LENOVO\OneDrive\Desktop\final pf project\Oop Lab Practical\Source.cpp(23,83): message : Conversion from integral type to pointer type requires reinterpret_cast, C-style cast or parenthesized function-style cast
C:\Program Files\Microsoft Visual Studio\2022\Community\VC\Tools\MSVC\14.35.32215\include\xstring(3223,5): message : or       'std::basic_string<char,std::char_traits<char>,std::allocator<char>>::basic_string(std::initializer_list<_Elem>,const _Alloc &)'
          with
          [
              _Elem=char,
              _Alloc=std::allocator<char>
          ]
C:\Users\LENOVO\OneDrive\Desktop\final pf project\Oop Lab Practical\Source.cpp(23,82): message : 'std::basic_string<char,std::char_traits<char>,std::allocator<char>>::basic_string(std::initializer_list<_Elem>,const _Alloc &)': cannot convert argument 1 from 'int' to 'std::initializer_list<_Elem>'
          with
          [
              _Elem=char,
              _Alloc=std::allocator<char>
          ]
          and
          [
              _Elem=char
          ]
C:\Users\LENOVO\OneDrive\Desktop\final pf project\Oop Lab Practical\Source.cpp(23,83): message : No constructor could take the source type, or constructor overload resolution was ambiguous
C:\Program Files\Microsoft Visual Studio\2022\Community\VC\Tools\MSVC\14.35.32215\include\xstring(2619,5): message : or       'std::basic_string<char,std::char_traits<char>,std::allocator<char>>::basic_string(const _Alloc &) noexcept'
          with
          [
              _Alloc=std::allocator<char>
          ]
C:\Users\LENOVO\OneDrive\Desktop\final pf project\Oop Lab Practical\Source.cpp(23,82): message : 'std::basic_string<char,std::char_traits<char>,std::allocator<char>>::basic_string(const _Alloc &) noexcept': cannot convert argument 1 from 'int' to 'const _Alloc &'
          with
          [
              _Alloc=std::allocator<char>
          ]
C:\Users\LENOVO\OneDrive\Desktop\final pf project\Oop Lab Practical\Source.cpp(23,83): message : Reason: cannot convert from 'int' to 'const _Alloc'
          with
          [
              _Alloc=std::allocator<char>
          ]
C:\Users\LENOVO\OneDrive\Desktop\final pf project\Oop Lab Practical\Source.cpp(23,83): message : No constructor could take the source type, or constructor overload resolution was ambiguous
C:\Program Files\Microsoft Visual Studio\2022\Community\VC\Tools\MSVC\14.35.32215\include\xstring(2703,5): message : or       'std::basic_string<char,std::char_traits<char>,std::allocator<char>>::basic_string(_Iter,_Iter,const _Alloc &)'
          with
          [
              _Alloc=std::allocator<char>
          ]
C:\Users\LENOVO\OneDrive\Desktop\final pf project\Oop Lab Practical\Source.cpp(23,82): message : 'std::basic_string<char,std::char_traits<char>,std::allocator<char>>::basic_string(_Iter,_Iter,const _Alloc &)': expects 3 arguments - 1 provided
          with
          [
              _Alloc=std::allocator<char>
          ]
C:\Users\LENOVO\OneDrive\Desktop\final pf project\Oop Lab Practical\Source.cpp(23,82): message : while trying to match the argument list '(int)'
  Generating Code...
